[    0.000000] Linux version 4.15.0-88-generic (buildd@lgw01-amd64-036) (gcc version 7.4.0 (Ubuntu 7.4.0-1ubuntu1~18.04.1)) #88-Ubuntu SMP Tue Feb 11 20:11:34 UTC 2020 (Ubuntu 4.15.0-88.88-generic 4.15.18)
[    0.000000] Command line: BOOT_IMAGE=/boot/vmlinuz-4.15.0-88-generic root=LABEL=cloudimg-rootfs ro console=tty1 console=ttyS0
[    0.000000] KERNEL supported cpus:
[    0.000000]   Intel GenuineIntel
[    0.000000]   AMD AuthenticAMD
[    0.000000]   Centaur CentaurHauls
[    0.000000] x86/fpu: Supporting XSAVE feature 0x001: 'x87 floating point registers'
[    0.000000] x86/fpu: Supporting XSAVE feature 0x002: 'SSE registers'
[    0.000000] x86/fpu: Supporting XSAVE feature 0x004: 'AVX registers'
[    0.000000] x86/fpu: xstate_offset[2]:  576, xstate_sizes[2]:  256
[    0.000000] x86/fpu: Enabled xstate features 0x7, context size is 832 bytes, using 'standard' format.
[    0.000000] e820: BIOS-provided physical RAM map:
[    0.000000] BIOS-e820: [mem 0x0000000000000000-0x000000000009fbff] usable
[    0.000000] BIOS-e820: [mem 0x000000000009fc00-0x000000000009ffff] reserved
[    0.000000] BIOS-e820: [mem 0x00000000000f0000-0x00000000000fffff] reserved
[    0.000000] BIOS-e820: [mem 0x0000000000100000-0x000000003ffeffff] usable
[    0.000000] BIOS-e820: [mem 0x000000003fff0000-0x000000003fffffff] ACPI data
[    0.000000] BIOS-e820: [mem 0x00000000fec00000-0x00000000fec00fff] reserved
[    0.000000] BIOS-e820: [mem 0x00000000fee00000-0x00000000fee00fff] reserved
[    0.000000] BIOS-e820: [mem 0x00000000fffc0000-0x00000000ffffffff] reserved
[    0.000000] NX (Execute Disable) protection: active
[    0.000000] SMBIOS 2.5 present.
[    0.000000] DMI: innotek GmbH VirtualBox/VirtualBox, BIOS VirtualBox 12/01/2006
[    0.000000] Hypervisor detected: KVM
[    0.000000] e820: last_pfn = 0x3fff0 max_arch_pfn = 0x400000000
[    0.000000] MTRR: Disabled
[    0.000000] x86/PAT: MTRRs disabled, skipping PAT initialization too.
[    0.000000] CPU MTRRs all blank - virtualized system.
[    0.000000] x86/PAT: Configuration [0-7]: WB  WT  UC- UC  WB  WT  UC- UC  
[    0.000000] found SMP MP-table at [mem 0x0009fff0-0x0009ffff]
[    0.000000] Scanning 1 areas for low memory corruption
[    0.000000] RAMDISK: [mem 0x35a6d000-0x36d2dfff]
[    0.000000] ACPI: Early table checksum verification disabled
[    0.000000] ACPI: RSDP 0x00000000000E0000 000024 (v02 VBOX  )
[    0.000000] ACPI: XSDT 0x000000003FFF0030 00003C (v01 VBOX   VBOXXSDT 00000001 ASL  00000061)
[    0.000000] ACPI: FACP 0x000000003FFF00F0 0000F4 (v04 VBOX   VBOXFACP 00000001 ASL  00000061)
[    0.000000] ACPI: DSDT 0x000000003FFF0470 0022EA (v02 VBOX   VBOXBIOS 00000002 INTL 20100528)
[    0.000000] ACPI: FACS 0x000000003FFF0200 000040
[    0.000000] ACPI: FACS 0x000000003FFF0200 000040
[    0.000000] ACPI: APIC 0x000000003FFF0240 00005C (v02 VBOX   VBOXAPIC 00000001 ASL  00000061)
[    0.000000] ACPI: SSDT 0x000000003FFF02A0 0001CC (v01 VBOX   VBOXCPUT 00000002 INTL 20100528)
[    0.000000] No NUMA configuration found
[    0.000000] Faking a node at [mem 0x0000000000000000-0x000000003ffeffff]
[    0.000000] NODE_DATA(0) allocated [mem 0x3ffc5000-0x3ffeffff]
[    0.000000] kvm-clock: cpu 0, msr 0:3ff44001, primary cpu clock
[    0.000000] kvm-clock: Using msrs 4b564d01 and 4b564d00
[    0.000000] kvm-clock: using sched offset of 6445047578 cycles
[    0.000000] clocksource: kvm-clock: mask: 0xffffffffffffffff max_cycles: 0x1cd42e4dffb, max_idle_ns: 881590591483 ns
[    0.000000] Zone ranges:
[    0.000000]   DMA      [mem 0x0000000000001000-0x0000000000ffffff]
[    0.000000]   DMA32    [mem 0x0000000001000000-0x000000003ffeffff]
[    0.000000]   Normal   empty
[    0.000000]   Device   empty
[    0.000000] Movable zone start for each node
[    0.000000] Early memory node ranges
[    0.000000]   node   0: [mem 0x0000000000001000-0x000000000009efff]
[    0.000000]   node   0: [mem 0x0000000000100000-0x000000003ffeffff]
[    0.000000] Reserved but unavailable: 98 pages
[    0.000000] Initmem setup node 0 [mem 0x0000000000001000-0x000000003ffeffff]
[    0.000000] ACPI: PM-Timer IO Port: 0x4008
[    0.000000] IOAPIC[0]: apic_id 2, version 32, address 0xfec00000, GSI 0-23
[    0.000000] ACPI: INT_SRC_OVR (bus 0 bus_irq 0 global_irq 2 dfl dfl)
[    0.000000] ACPI: INT_SRC_OVR (bus 0 bus_irq 9 global_irq 9 low level)
[    0.000000] Using ACPI (MADT) for SMP configuration information
[    0.000000] smpboot: Allowing 2 CPUs, 0 hotplug CPUs
[    0.000000] PM: Registered nosave memory: [mem 0x00000000-0x00000fff]
[    0.000000] PM: Registered nosave memory: [mem 0x0009f000-0x0009ffff]
[    0.000000] PM: Registered nosave memory: [mem 0x000a0000-0x000effff]
[    0.000000] PM: Registered nosave memory: [mem 0x000f0000-0x000fffff]
[    0.000000] e820: [mem 0x40000000-0xfebfffff] available for PCI devices
[    0.000000] Booting paravirtualized kernel on KVM
[    0.000000] clocksource: refined-jiffies: mask: 0xffffffff max_cycles: 0xffffffff, max_idle_ns: 7645519600211568 ns
[    0.000000] random: get_random_bytes called from start_kernel+0x99/0x4fd with crng_init=0
[    0.000000] setup_percpu: NR_CPUS:8192 nr_cpumask_bits:2 nr_cpu_ids:2 nr_node_ids:1
[    0.000000] percpu: Embedded 45 pages/cpu s147456 r8192 d28672 u1048576
[    0.000000] PV qspinlock hash table entries: 256 (order: 0, 4096 bytes)
[    0.000000] Built 1 zonelists, mobility grouping on.  Total pages: 257913
[    0.000000] Policy zone: DMA32
[    0.000000] Kernel command line: BOOT_IMAGE=/boot/vmlinuz-4.15.0-88-generic root=LABEL=cloudimg-rootfs ro console=tty1 console=ttyS0
[    0.000000] Memory: 983068K/1048120K available (12300K kernel code, 2481K rwdata, 4264K rodata, 2428K init, 2712K bss, 65052K reserved, 0K cma-reserved)
[    0.000000] SLUB: HWalign=64, Order=0-3, MinObjects=0, CPUs=2, Nodes=1
[    0.000000] Kernel/User page tables isolation: enabled
[    0.000000] ftrace: allocating 39344 entries in 154 pages
[    0.004000] Hierarchical RCU implementation.
[    0.004000] 	RCU restricting CPUs from NR_CPUS=8192 to nr_cpu_ids=2.
[    0.004000] 	Tasks RCU enabled.
[    0.004000] RCU: Adjusting geometry for rcu_fanout_leaf=16, nr_cpu_ids=2
[    0.004000] NR_IRQS: 524544, nr_irqs: 440, preallocated irqs: 16
[    0.004000] Console: colour VGA+ 80x25
[    0.004000] console [tty1] enabled
[    0.004000] console [ttyS0] enabled
[    0.004000] ACPI: Core revision 20170831
[    0.004000] ACPI: 2 ACPI AML tables successfully acquired and loaded
[    0.004000] APIC: Switch to symmetric I/O mode setup
[    0.004000] x2apic enabled
[    0.004000] Switched APIC routing to physical x2apic.
[    0.005273] ..TIMER: vector=0x30 apic1=0 pin1=2 apic2=-1 pin2=-1
[    0.008002] tsc: Detected 1599.999 MHz processor
[    0.012011] Calibrating delay loop (skipped) preset value.. 3199.99 BogoMIPS (lpj=6399996)
[    0.014650] pid_max: default: 32768 minimum: 301
[    0.016044] Security Framework initialized
[    0.017434] Yama: becoming mindful.
[    0.020028] AppArmor: AppArmor initialized
[    0.023386] Dentry cache hash table entries: 131072 (order: 8, 1048576 bytes)
[    0.024091] Inode-cache hash table entries: 65536 (order: 7, 524288 bytes)
[    0.028017] Mount-cache hash table entries: 2048 (order: 2, 16384 bytes)
[    0.030017] Mountpoint-cache hash table entries: 2048 (order: 2, 16384 bytes)
[    0.032298] Last level iTLB entries: 4KB 64, 2MB 8, 4MB 8
[    0.033944] Last level dTLB entries: 4KB 64, 2MB 0, 4MB 0, 1GB 4
[    0.036005] Spectre V1 : Mitigation: usercopy/swapgs barriers and __user pointer sanitization
[    0.038592] Spectre V2 : Mitigation: Full generic retpoline
[    0.040004] Spectre V2 : Spectre v2 / SpectreRSB mitigation: Filling RSB on context switch
[    0.044002] Speculative Store Bypass: Vulnerable
[    0.045550] MDS: Mitigation: Clear CPU buffers
[    0.047093] Freeing SMP alternatives memory: 36K
[    0.159572] smpboot: CPU0: Intel(R) Core(TM) i5-5250U CPU @ 1.60GHz (family: 0x6, model: 0x3d, stepping: 0x4)
[    0.160000] Performance Events: unsupported p6 CPU model 61 no PMU driver, software events only.
[    0.160049] Hierarchical SRCU implementation.
[    0.164766] NMI watchdog: Perf event create on CPU 0 failed with -2
[    0.166677] NMI watchdog: Perf NMI watchdog permanently disabled
[    0.168074] smp: Bringing up secondary CPUs ...
[    0.169625] x86: Booting SMP configuration:
[    0.170933] .... node  #0, CPUs:      #1
[    0.004000] kvm-clock: cpu 1, msr 0:3ff44041, secondary cpu clock
[    0.179342] smp: Brought up 1 node, 2 CPUs
[    0.180007] smpboot: Max logical packages: 1
[    0.181579] smpboot: Total of 2 processors activated (6399.99 BogoMIPS)
[    0.184186] devtmpfs: initialized
[    0.188058] x86/mm: Memory block size: 128MB
[    0.189786] evm: security.selinux
[    0.190991] evm: security.SMACK64
[    0.192006] evm: security.SMACK64EXEC
[    0.193170] evm: security.SMACK64TRANSMUTE
[    0.194445] evm: security.SMACK64MMAP
[    0.196002] evm: security.apparmor
[    0.197079] evm: security.ima
[    0.198031] evm: security.capability
[    0.199283] clocksource: jiffies: mask: 0xffffffff max_cycles: 0xffffffff, max_idle_ns: 7645041785100000 ns
[    0.200021] futex hash table entries: 512 (order: 3, 32768 bytes)
[    0.206086] pinctrl core: initialized pinctrl subsystem
[    0.208180] RTC time: 20:04:56, date: 04/15/20
[    0.212279] NET: Registered protocol family 16
[    0.214199] audit: initializing netlink subsys (disabled)
[    0.216208] audit: type=2000 audit(1586981105.150:1): state=initialized audit_enabled=0 res=1
[    0.220017] cpuidle: using governor ladder
[    0.221391] cpuidle: using governor menu
[    0.222661] ACPI: bus type PCI registered
[    0.224004] acpiphp: ACPI Hot Plug PCI Controller Driver version: 0.5
[    0.226075] PCI: Using configuration type 1 for base access
[    0.228963] HugeTLB registered 2.00 MiB page size, pre-allocated 0 pages
[    0.232123] ACPI: Added _OSI(Module Device)
[    0.233604] ACPI: Added _OSI(Processor Device)
[    0.235068] ACPI: Added _OSI(3.0 _SCP Extensions)
[    0.236004] ACPI: Added _OSI(Processor Aggregator Device)
[    0.237645] ACPI: Added _OSI(Linux-Dell-Video)
[    0.240004] ACPI: Added _OSI(Linux-Lenovo-NV-HDMI-Audio)
[    0.241817] ACPI: Added _OSI(Linux-HPI-Hybrid-Graphics)
[    0.244495] ACPI: Executed 1 blocks of module-level executable AML code
[    0.249985] ACPI: Interpreter enabled
[    0.251505] ACPI: (supports S0 S5)
[    0.252004] ACPI: Using IOAPIC for interrupt routing
[    0.253802] PCI: Using host bridge windows from ACPI; if necessary, use "pci=nocrs" and report a bug
[    0.256313] ACPI: Enabled 2 GPEs in block 00 to 07
[    0.269449] ACPI: PCI Root Bridge [PCI0] (domain 0000 [bus 00-ff])
[    0.271589] acpi PNP0A03:00: _OSC: OS supports [ASPM ClockPM Segments MSI]
[    0.272648] acpi PNP0A03:00: _OSC: not requesting OS control; OS requires [ExtendedConfig ASPM ClockPM MSI]
[    0.276027] acpi PNP0A03:00: fail to add MMCONFIG information, can't access extended PCI configuration space under this bridge.
[    0.280736] PCI host bridge to bus 0000:00
[    0.282317] pci_bus 0000:00: root bus resource [io  0x0000-0x0cf7 window]
[    0.284005] pci_bus 0000:00: root bus resource [io  0x0d00-0xffff window]
[    0.286085] pci_bus 0000:00: root bus resource [mem 0x000a0000-0x000bffff window]
[    0.288004] pci_bus 0000:00: root bus resource [mem 0x40000000-0xfdffffff window]
[    0.292004] pci_bus 0000:00: root bus resource [bus 00-ff]
[    0.298083] pci 0000:00:01.1: legacy IDE quirk: reg 0x10: [io  0x01f0-0x01f7]
[    0.300007] pci 0000:00:01.1: legacy IDE quirk: reg 0x14: [io  0x03f6]
[    0.304009] pci 0000:00:01.1: legacy IDE quirk: reg 0x18: [io  0x0170-0x0177]
[    0.307246] pci 0000:00:01.1: legacy IDE quirk: reg 0x1c: [io  0x0376]
[    0.344194] pci 0000:00:07.0: quirk: [io  0x4000-0x403f] claimed by PIIX4 ACPI
[    0.348107] pci 0000:00:07.0: quirk: [io  0x4100-0x410f] claimed by PIIX4 SMB
[    0.372198] ACPI: PCI Interrupt Link [LNKA] (IRQs 5 9 10 *11)
[    0.376954] ACPI: PCI Interrupt Link [LNKB] (IRQs 5 9 *10 11)
[    0.384245] ACPI: PCI Interrupt Link [LNKC] (IRQs 5 *9 10 11)
[    0.388436] ACPI: PCI Interrupt Link [LNKD] (IRQs 5 9 10 *11)
[    0.393204] SCSI subsystem initialized
[    0.396271] pci 0000:00:02.0: vgaarb: setting as boot VGA device
[    0.400000] pci 0000:00:02.0: vgaarb: VGA device added: decodes=io+mem,owns=io+mem,locks=none
[    0.400125] pci 0000:00:02.0: vgaarb: bridge control possible
[    0.404010] vgaarb: loaded
[    0.405932] ACPI: bus type USB registered
[    0.408157] usbcore: registered new interface driver usbfs
[    0.412125] usbcore: registered new interface driver hub
[    0.416057] usbcore: registered new device driver usb
[    0.420208] EDAC MC: Ver: 3.0.0
[    0.428005] PCI: Using ACPI for IRQ routing
[    0.432466] NetLabel: Initializing
[    0.433924] NetLabel:  domain hash size = 128
[    0.435763] NetLabel:  protocols = UNLABELED CIPSOv4 CALIPSO
[    0.436055] NetLabel:  unlabeled traffic allowed by default
[    0.440158] clocksource: Switched to clocksource kvm-clock
[    0.461821] VFS: Disk quotas dquot_6.6.0
[    0.463373] VFS: Dquot-cache hash table entries: 512 (order 0, 4096 bytes)
[    0.466093] AppArmor: AppArmor Filesystem Enabled
[    0.467651] pnp: PnP ACPI init
[    0.471903] pnp: PnP ACPI: found 3 devices
[    0.485460] clocksource: acpi_pm: mask: 0xffffff max_cycles: 0xffffff, max_idle_ns: 2085701024 ns
[    0.488953] NET: Registered protocol family 2
[    0.490843] TCP established hash table entries: 8192 (order: 4, 65536 bytes)
[    0.493093] TCP bind hash table entries: 8192 (order: 5, 131072 bytes)
[    0.497056] TCP: Hash tables configured (established 8192 bind 8192)
[    0.499704] UDP hash table entries: 512 (order: 2, 16384 bytes)
[    0.501713] UDP-Lite hash table entries: 512 (order: 2, 16384 bytes)
[    0.503668] NET: Registered protocol family 1
[    0.505079] pci 0000:00:00.0: Limiting direct PCI/PCI transfers
[    0.506915] pci 0000:00:01.0: Activating ISA DMA hang workarounds
[    0.509173] pci 0000:00:02.0: Video device with shadowed ROM at [mem 0x000c0000-0x000dffff]
[    0.511846] Unpacking initramfs...
[    0.873885] Freeing initrd memory: 19204K
[    0.877454] clocksource: tsc: mask: 0xffffffffffffffff max_cycles: 0x171023f09ff, max_idle_ns: 440795233615 ns
[    0.881429] platform rtc_cmos: registered platform RTC device (no PNP device found)
[    0.885176] Scanning for low memory corruption every 60 seconds
[    0.888263] Initialise system trusted keyrings
[    0.889881] Key type blacklist registered
[    0.891345] workingset: timestamp_bits=36 max_order=18 bucket_order=0
[    0.894609] zbud: loaded
[    0.896321] squashfs: version 4.0 (2009/01/31) Phillip Lougher
[    0.898870] fuse init (API version 7.26)
[    0.903859] Key type asymmetric registered
[    0.905239] Asymmetric key parser 'x509' registered
[    0.906812] Block layer SCSI generic (bsg) driver version 0.4 loaded (major 246)
[    0.909285] io scheduler noop registered
[    0.910522] io scheduler deadline registered
[    0.911872] io scheduler cfq registered (default)
[    0.914038] ACPI: AC Adapter [AC] (off-line)
[    0.915443] input: Power Button as /devices/LNXSYSTM:00/LNXPWRBN:00/input/input0
[    0.918088] ACPI: Power Button [PWRF]
[    0.919523] input: Sleep Button as /devices/LNXSYSTM:00/LNXSLPBN:00/input/input1
[    0.921887] ACPI: Sleep Button [SLPF]
[    0.924403] Serial: 8250/16550 driver, 32 ports, IRQ sharing enabled
[    0.925303] ACPI: Battery Slot [BAT0] (battery present)
[    0.950150] 00:02: ttyS0 at I/O 0x3f8 (irq = 4, base_baud = 115200) is a 16550A
[    0.954982] Linux agpgart interface v0.103
[    0.957793] loop: module loaded
[    0.959865] scsi host0: ata_piix
[    0.961251] scsi host1: ata_piix
[    0.962354] ata1: PATA max UDMA/33 cmd 0x1f0 ctl 0x3f6 bmdma 0xd000 irq 14
[    0.964510] ata2: PATA max UDMA/33 cmd 0x170 ctl 0x376 bmdma 0xd008 irq 15
[    0.966694] libphy: Fixed MDIO Bus: probed
[    0.968452] tun: Universal TUN/TAP device driver, 1.6
[    0.970306] PPP generic driver version 2.4.2
[    0.971685] ehci_hcd: USB 2.0 'Enhanced' Host Controller (EHCI) Driver
[    0.973751] ehci-pci: EHCI PCI platform driver
[    0.975172] ehci-platform: EHCI generic platform driver
[    0.977019] ohci_hcd: USB 1.1 'Open' Host Controller (OHCI) Driver
[    0.978927] ohci-pci: OHCI PCI platform driver
[    0.980406] ohci-platform: OHCI generic platform driver
[    0.982027] uhci_hcd: USB Universal Host Controller Interface driver
[    0.984706] i8042: PNP: PS/2 Controller [PNP0303:PS2K,PNP0f03:PS2M] at 0x60,0x64 irq 1,12
[    0.989814] serio: i8042 KBD port at 0x60,0x64 irq 1
[    0.991679] serio: i8042 AUX port at 0x60,0x64 irq 12
[    0.993384] mousedev: PS/2 mouse device common for all mice
[    0.995712] input: AT Translated Set 2 keyboard as /devices/platform/i8042/serio0/input/input2
[    0.999426] rtc_cmos rtc_cmos: rtc core: registered rtc_cmos as rtc0
[    1.001561] rtc_cmos rtc_cmos: alarms up to one day, 114 bytes nvram
[    1.003490] i2c /dev entries driver
[    1.004731] device-mapper: uevent: version 1.0.3
[    1.006313] device-mapper: ioctl: 4.37.0-ioctl (2017-09-20) initialised: dm-devel@redhat.com
[    1.009635] ledtrig-cpu: registered to indicate activity on CPUs
[    1.012178] NET: Registered protocol family 10
[    1.019736] Segment Routing with IPv6
[    1.021007] NET: Registered protocol family 17
[    1.022484] Key type dns_resolver registered
[    1.024225] mce: Using 0 MCE banks
[    1.025409] RAS: Correctable Errors collector initialized.
[    1.027110] sched_clock: Marking stable (1024075416, 0)->(1313098940, -289023524)
[    1.037294] registered taskstats version 1
[    1.038795] Loading compiled-in X.509 certificates
[    1.043813] Loaded X.509 cert 'Build time autogenerated kernel key: f0020782f0d3a548186fb3f47aed88387a71e859'
[    1.047435] zswap: loaded using pool lzo/zbud
[    1.062343] Key type big_key registered
[    1.063811] Key type trusted registered
[    1.067477] Key type encrypted registered
[    1.069197] AppArmor: AppArmor sha1 policy hashing enabled
[    1.070946] ima: No TPM chip found, activating TPM-bypass! (rc=-19)
[    1.072930] ima: Allocated hash algorithm: sha1
[    1.074877] evm: HMAC attrs: 0x1
[    1.076379]   Magic number: 0:749:93
[    1.077626] rtc_cmos rtc_cmos: setting system clock to 2020-04-15 20:04:57 UTC (1586981097)
[    1.081137] BIOS EDD facility v0.16 2004-Jun-25, 0 devices found
[    1.082963] EDD information not available.
[    1.127985] Freeing unused kernel image memory: 2428K
[    1.140231] Write protecting the kernel read-only data: 20480k
[    1.143237] Freeing unused kernel image memory: 2008K
[    1.145537] Freeing unused kernel image memory: 1880K
[    1.154582] x86/mm: Checked W+X mappings: passed, no W+X pages found.
[    1.156977] x86/mm: Checking user space page tables
[    1.165755] x86/mm: Checked W+X mappings: passed, no W+X pages found.
Loading, please wait...
starting version 237
[    1.290355] e1000: Intel(R) PRO/1000 Network Driver - version 7.3.21-k8-NAPI
[    1.293817] e1000: Copyright (c) 1999-2006 Intel Corporation.
[    1.306365] Fusion MPT base driver 3.04.20
[    1.310681] Copyright (c) 1999-2008 LSI Corporation
[    1.353001] AVX2 version of gcm_enc/dec engaged.
[    1.356561] AES CTR mode by8 optimization enabled
[    1.365446] Fusion MPT SPI Host driver 3.04.20
[    1.526669] input: ImExPS/2 Generic Explorer Mouse as /devices/platform/i8042/serio1/input/input4
[    1.928017] e1000 0000:00:03.0 eth0: (PCI:33MHz:32-bit) 02:63:41:f1:0e:ed
[    1.931210] e1000 0000:00:03.0 eth0: Intel(R) PRO/1000 Network Connection
[    1.934745] mptbase: ioc0: Initiating bringup
[    1.934920] e1000 0000:00:03.0 enp0s3: renamed from eth0
[    2.226059] ioc0: LSI53C1030 A0: Capabilities={Initiator}
[    3.992578] scsi host2: ioc0: LSI53C1030 A0, FwRev=00000000h, Ports=1, MaxQ=256, IRQ=20
[    5.089329] scsi 2:0:0:0: Direct-Access     VBOX     HARDDISK         1.0  PQ: 0 ANSI: 5
[    5.130063] scsi target2:0:0: Beginning Domain Validation
[    5.134301] scsi target2:0:0: Domain Validation skipping write tests
[    5.136235] scsi target2:0:0: Ending Domain Validation
[    5.140696] scsi target2:0:0: asynchronous
[    5.143444] scsi 2:0:1:0: Direct-Access     VBOX     HARDDISK         1.0  PQ: 0 ANSI: 5
[    5.279762] scsi target2:0:1: Beginning Domain Validation
[    5.283071] random: fast init done
[    5.284594] scsi target2:0:1: Domain Validation skipping write tests
[    5.286527] scsi target2:0:1: Ending Domain Validation
[    5.288339] scsi target2:0:1: asynchronous
[    5.295584] sd 2:0:0:0: Attached scsi generic sg0 type 0
[    5.295631] random: systemd-udevd: uninitialized urandom read (16 bytes read)
[    5.297905] sd 2:0:1:0: Attached scsi generic sg1 type 0
[    5.300392] random: systemd-udevd: uninitialized urandom read (16 bytes read)
[    5.302876] sd 2:0:1:0: [sdb] 20480 512-byte logical blocks: (10.5 MB/10.0 MiB)
[    5.305443] random: systemd-udevd: uninitialized urandom read (16 bytes read)
[    5.308534] sd 2:0:1:0: [sdb] Write Protect is off
[    5.313447] sd 2:0:0:0: [sda] 20971520 512-byte logical blocks: (10.7 GB/10.0 GiB)
[    5.313584] sd 2:0:1:0: [sdb] Incomplete mode parameter data
[    5.318440] sd 2:0:1:0: [sdb] Assuming drive cache: write through
[    5.318533] sd 2:0:0:0: [sda] Write Protect is off
[    5.324077] sd 2:0:0:0: [sda] Incomplete mode parameter data
[    5.324600] sd 2:0:1:0: [sdb] Attached SCSI disk
[    5.326552] sd 2:0:0:0: [sda] Assuming drive cache: write through
[    5.334242]  sda: sda1
[    5.336444] sd 2:0:0:0: [sda] Attached SCSI disk
Begin: Loading essential drivers ... [    6.900148] raid6: sse2x1   gen()  7915 MB/s
[    6.948019] raid6: sse2x1   xor()  5445 MB/s
[    6.996337] raid6: sse2x2   gen()  9771 MB/s
[    7.044436] raid6: sse2x2   xor()  6159 MB/s
[    7.092346] raid6: sse2x4   gen() 11217 MB/s
[    7.140020] raid6: sse2x4   xor()  6952 MB/s
[    7.188262] raid6: avx2x1   gen() 14133 MB/s
[    7.236122] raid6: avx2x1   xor()  5920 MB/s
[    7.284121] raid6: avx2x2   gen()  7421 MB/s
[    7.332131] raid6: avx2x2   xor()  7729 MB/s
[    7.380577] raid6: avx2x4   gen() 20348 MB/s
[    7.428281] raid6: avx2x4   xor() 12218 MB/s
[    7.430280] raid6: using algorithm avx2x4 gen() 20348 MB/s
[    7.432178] raid6: .... xor() 12218 MB/s, rmw enabled
[    7.433735] raid6: using avx2x2 recovery algorithm
[    7.437094] xor: automatically using best checksumming function   avx       
[    7.441990] async_tx: api initialized (async)
done.
Begin: Running /scripts/init-premount ... done.
Begin: Mounting root file system ... Begin: Running /scripts/local-top ... done.
Begin: Running /scripts/local-premount ... [    7.503410] Btrfs loaded, crc32c=crc32c-intel
Scanning for Btrfs filesystems
done.
Warning: fsck not present, so skipping root file system
[    7.551000] EXT4-fs (sda1): mounted filesystem with ordered data mode. Opts: (null)
done.
Begin: Running /scripts/local-bottom ... done.
Begin: Running /scripts/init-bottom ... done.
[    7.811483] ip_tables: (C) 2000-2006 Netfilter Core Team
[    7.831672] systemd[1]: systemd 237 running in system mode. (+PAM +AUDIT +SELINUX +IMA +APPARMOR +SMACK +SYSVINIT +UTMP +LIBCRYPTSETUP +GCRYPT +GNUTLS +ACL +XZ +LZ4 +SECCOMP +BLKID +ELFUTILS +KMOD -IDN2 +IDN -PCRE2 default-hierarchy=hybrid)
[    7.839050] systemd[1]: Detected virtualization oracle.
[    7.841835] systemd[1]: Detected architecture x86-64.

Welcome to [1mUbuntu 18.04.4 LTS[0m!

[    7.858580] systemd[1]: Set hostname to <ubuntu>.
[    7.866669] systemd[1]: Initializing machine ID from random generator.
[    7.869231] systemd[1]: Installed transient /etc/machine-id file.
[    8.438305] systemd[1]: Created slice System Slice.
[[0;32m  OK  [0m] Created slice System Slice.
[    8.445936] systemd[1]: Listening on Device-mapper event daemon FIFOs.
[[0;32m  OK  [0m] Listening on Device-mapper event daemon FIFOs.
[    8.454321] systemd[1]: Started Forward Password Requests to Wall Directory Watch.
[[0;32m  OK  [0m] Started Forward Password Requests to Wall Directory Watch.
[    8.466044] systemd[1]: Listening on udev Kernel Socket.
[[0;32m  OK  [0m] Listening on udev Kernel Socket.
[[0;32m  OK  [0m] Listening on LVM2 poll daemon socket.
[[0;32m  OK  [0m] Reached target User and Group Name Lookups.
[[0;32m  OK  [0m] Reached target System Time Synchronized.
[[0;32m  OK  [0m] Listening on Network Service Netlink Socket.
[[0;32m  OK  [0m] Created slice system-serial\x2dgetty.slice.
[[0;32m  OK  [0m] Listening on /dev/initctl Compatibility Named Pipe.
[[0;32m  OK  [0m] Listening on Journal Socket (/dev/log).
[[0;32m  OK  [0m] Set up automount Arbitrary Executabâ€¦rmats File System Automount Point.
[[0;32m  OK  [0m] Listening on Journal Audit Socket.
[[0;32m  OK  [0m] Reached target Swap.
[[0;32m  OK  [0m] Created slice User and Session Slice.
[[0;32m  OK  [0m] Listening on udev Control Socket.
[[0;32m  OK  [0m] Reached target Slices.
[[0;32m  OK  [0m] Listening on LVM2 metadata daemon socket.
[[0;32m  OK  [0m] Listening on Syslog Socket.
[[0;32m  OK  [0m] Listening on Journal Socket.
         Starting Set the console keyboard layout...
         Starting Monitoring of LVM2 mirrorsâ€¦ng dmeventd or progress polling...
         Starting Load Kernel Modules...
         Mounting Kernel Debug File System...
         Starting Remount Root and Kernel File Systems...
         Starting udev Coldplug all Devices...
         Starting Create list of required stâ€¦ce nodes for the current kernel...
         Starting Journal Service...
         Starting Uncomplicated firewall...
         Mounting POSIX Message Queue File System...
         Mounting Huge Pages File System...
[    8.609436] Loading iSCSI transport class v2.0-870.
[    8.621298] iscsi: registered transport (tcp)
[[0;32m  OK  [0m] Started Create list of required staâ€¦vice nodes for the current kernel.
[[0;32m  OK  [0m] Started Uncomplicated firewall.
         Starting Create Static Device Nodes in /dev...
[[0;32m  OK  [0m] Started Journal Service.
[[0;32m  OK  [0m] Started udev Coldplug all Devices.
[[0;32m  OK  [0m] Mounted POSIX Message Queue File System.
[[0;32m  OK  [0m] Mounted Huge Pages File System.
[[0;32m  OK  [0m] Mounted Kernel Debug File System.
[[0;32m  OK  [0m] Started LVM2 metadata daemon.
[    8.791963] EXT4-fs (sda1): re-mounted. Opts: (null)
[[0;32m  OK  [0m] Started Remount Root and Kernel File Systems.
         Starting Load/Save Random Seed...
         Starting Flush Journal to Persistent Storage...
[[0;32m  OK  [0m] Started Create Static Device Nodes in /dev.
[[0;32m  OK  [0m] Started Load/Save Random Seed.
         Starting udev Kernel Device Manager...
[    8.910238] systemd-journald[391]: Received request to flush runtime journal from PID 1
[    8.924981] iscsi: registered transport (iser)
[[0;32m  OK  [0m] Started Load Kernel Modules.
         Mounting FUSE Control File System...
         Starting Apply Kernel Variables...
         Mounting Kernel Configuration File System...
[[0;32m  OK  [0m] Mounted FUSE Control File System.
[[0;32m  OK  [0m] Mounted Kernel Configuration File System.
[[0;32m  OK  [0m] Started Set the console keyboard layout.
[[0;32m  OK  [0m] Started udev Kernel Device Manager.
[[0;32m  OK  [0m] Started Dispatch Password Requests to Console Directory Watch.
[[0;32m  OK  [0m] Reached target Local Encrypted Volumes.
[[0;32m  OK  [0m] Started Apply Kernel Variables.
[[0;32m  OK  [0m] Started Monitoring of LVM2 mirrors,â€¦sing dmeventd or progress polling.
[[0;32m  OK  [0m] Reached target Local File Systems (Pre).
[[0;32m  OK  [0m] Reached target Local File Systems.
         Starting Commit a transient machine-id on disk...
         Starting AppArmor initialization...
         Starting ebtables ruleset management...
         Starting Set console font and keymap...
         Starting Tell Plymouth To Write Out Runtime Data...
[[0;32m  OK  [0m] Started Flush Journal to Persistent Storage.
         Starting Create Volatile Files and Directories...
[[0;32m  OK  [0m] Started Set console font and keymap.
[[0;32m  OK  [0m] Started Tell Plymouth To Write Out Runtime Data.
[[0;32m  OK  [0m] Started Create Volatile Files and Directories.
         Starting Update UTMP about System Boot/Shutdown...
[[0;32m  OK  [0m] Started Update UTMP about System Boot/Shutdown.
[[0;32m  OK  [0m] Started Commit a transient machine-id on disk.
[[0;32m  OK  [0m] Started ebtables ruleset management.
[[0;32m  OK  [0m] Found device /dev/ttyS0.
[[0;32m  OK  [0m] Listening on Load/Save RF Kill Switch Status /dev/rfkill Watch.
[[0;32m  OK  [0m] Started AppArmor initialization.
         Starting Initial cloud-init job (pre-networking)...
[   13.356771] cloud-init[541]: Cloud-init v. 19.4-33-gbb4131a2-0ubuntu1~18.04.1 running 'init-local' at Wed, 15 Apr 2020 20:05:09 +0000. Up 12.77 seconds.
[[0;32m  OK  [0m] Started Initial cloud-init job (pre-networking).
[[0;32m  OK  [0m] Reached target Network (Pre).
         Starting Network Service...
[[0;32m  OK  [0m] Started Network Service.
         Starting Wait for Network to be Configured...
         Starting Network Name Resolution...
[[0;32m  OK  [0m] Started Network Name Resolution.
[[0;32m  OK  [0m] Reached target Network.
[[0;32m  OK  [0m] Reached target Host and Network Name Lookups.
[[0;32m  OK  [0m] Started Wait for Network to be Configured.
         Starting Initial cloud-init job (metadata service crawler)...
[   16.166792] cloud-init[657]: Cloud-init v. 19.4-33-gbb4131a2-0ubuntu1~18.04.1 running 'init' at Wed, 15 Apr 2020 20:05:12 +0000. Up 15.97 seconds.
[   16.171307] cloud-init[657]: ci-info: +++++++++++++++++++++++++++++++++++++Net device info++++++++++++++++++++++++++++++++++++++
[   16.175179] cloud-init[657]: ci-info: +--------+------+---------------------------+---------------+--------+-------------------+
[   16.179804] cloud-init[657]: ci-info: | Device |  Up  |          Address          |      Mask     | Scope  |     Hw-Address    |
[   16.184072] cloud-init[657]: ci-info: +--------+------+---------------------------+---------------+--------+-------------------+
[   16.188492] cloud-init[657]: ci-info: | enp0s3 | True |         10.0.2.15         | 255.255.255.0 | global | 02:63:41:f1:0e:ed |
[   16.192481] cloud-init[657]: ci-info: | enp0s3 | True | fe80::63:41ff:fef1:eed/64 |       .       |  link  | 02:63:41:f1:0e:ed |
[   16.196630] cloud-init[657]: ci-info: |   lo   | True |         127.0.0.1         |   255.0.0.0   |  host  |         .         |
[   16.200845] cloud-init[657]: ci-info: |   lo   | True |          ::1/128          |       .       |  host  |         .         |
[   16.205313] cloud-init[657]: ci-info: +--------+------+---------------------------+---------------+--------+-------------------+
[   16.209349] cloud-init[657]: ci-info: ++++++++++++++++++++++++++++Route IPv4 info+++++++++++++++++++++++++++++
[   16.212742] cloud-init[657]: ci-info: +-------+-------------+----------+-----------------+-----------+-------+
[   16.215970] cloud-init[657]: ci-info: | Route | Destination | Gateway  |     Genmask     | Interface | Flags |
[   16.220555] cloud-init[657]: ci-info: +-------+-------------+----------+-----------------+-----------+-------+
[   16.224167] cloud-init[657]: ci-info: |   0   |   0.0.0.0   | 10.0.2.2 |     0.0.0.0     |   enp0s3  |   UG  |
[   16.227940] cloud-init[657]: ci-info: |   1   |   10.0.2.0  | 0.0.0.0  |  255.255.255.0  |   enp0s3  |   U   |
[   16.231419] cloud-init[657]: ci-info: |   2   |   10.0.2.2  | 0.0.0.0  | 255.255.255.255 |   enp0s3  |   UH  |
[   16.235021] cloud-init[657]: ci-info: +-------+-------------+----------+-----------------+-----------+-------+
[   16.238401] cloud-init[657]: ci-info: +++++++++++++++++++Route IPv6 info+++++++++++++++++++
[   16.241522] cloud-init[657]: ci-info: +-------+-------------+---------+-----------+-------+
[   16.244775] cloud-init[657]: ci-info: | Route | Destination | Gateway | Interface | Flags |
[   16.247632] cloud-init[657]: ci-info: +-------+-------------+---------+-----------+-------+
[   16.250976] cloud-init[657]: ci-info: |   1   |  fe80::/64  |    ::   |   enp0s3  |   U   |
[   16.254030] cloud-init[657]: ci-info: |   3   |    local    |    ::   |   enp0s3  |   U   |
[   16.257005] cloud-init[657]: ci-info: |   4   |   ff00::/8  |    ::   |   enp0s3  |   U   |
[   16.260084] cloud-init[657]: ci-info: +-------+-------------+---------+-----------+-------+
[   17.463353] cloud-init[657]: Generating public/private rsa key pair.
[   17.476727] cloud-init[657]: Your identification has been saved in /etc/ssh/ssh_host_rsa_key.
[   17.481289] cloud-init[657]: Your public key has been saved in /etc/ssh/ssh_host_rsa_key.pub.
[   17.485560] cloud-init[657]: The key fingerprint is:
[   17.488482] cloud-init[657]: SHA256:n+v8fdw+z2yqAJloqv1AVMPB228Ybalp5ytjd+vVqhY root@ubuntu-bionic
[   17.494989] cloud-init[657]: The key's randomart image is:
[   17.499662] cloud-init[657]: +---[RSA 2048]----+
[   17.504417] cloud-init[657]: |     o+.         |
[   17.516794] cloud-init[657]: |     .o.         |
[   17.519611] cloud-init[657]: |    .  o . .     |
[   17.523654] cloud-init[657]: |   .  ..oo+      |
[   17.526729] cloud-init[657]: |    . o SB       |
[   17.540811] cloud-init[657]: |   . o  =o+.E  . |
[   17.544824] cloud-init[657]: |    o  . ++  ...o|
[   17.548874] cloud-init[657]: |   o .  +.oooo ==|
[   17.551080] cloud-init[657]: |  . .... ==**++=B|
[   17.554579] cloud-init[657]: +----[SHA256]-----+
[   17.557763] cloud-init[657]: Generating public/private dsa key pair.
[   17.561763] cloud-init[657]: Your identification has been saved in /etc/ssh/ssh_host_dsa_key.
[   17.566779] cloud-init[657]: Your public key has been saved in /etc/ssh/ssh_host_dsa_key.pub.
[   17.572452] cloud-init[657]: The key fingerprint is:
[   17.574067] cloud-init[657]: SHA256:og8y/W7oQEs8x0xIsQ4uQmZfzTGFpnpkJPh0KQLh9FY root@ubuntu-bionic
[   17.576507] cloud-init[657]: The key's randomart image is:
[   17.578570] cloud-init[657]: +---[DSA 1024]----+
[   17.593453] cloud-init[657]: |+o+. E.oo.       |
[   17.595184] cloud-init[657]: |o+.*.+ooo        |
[   17.598219] cloud-init[657]: |.=*o*.oo         |
[   17.600860] cloud-init[657]: |=+o=.+           |
[   17.603345] cloud-init[657]: |o.*.B . S        |
[   17.605997] cloud-init[657]: |oo * o .         |
[   17.608726] cloud-init[657]: |  = =.           |
[   17.611383] cloud-init[657]: |   +.+.          |
[   17.613840] cloud-init[657]: |   ..o+          |
[   17.616428] cloud-init[657]: +----[SHA256]-----+
[   17.620169] cloud-init[657]: Generating public/private ecdsa key pair.
[   17.623315] cloud-init[657]: Your identification has been saved in /etc/ssh/ssh_host_ecdsa_key.
[   17.627526] cloud-init[657]: Your public key has been saved in /etc/ssh/ssh_host_ecdsa_key.pub.
[   17.633246] cloud-init[657]: The key fingerprint is:[[0;32m  OK  [0m] Started Initial cloud-init job (metadata service crawler).

[   17.639603] cloud-init[657]: [[0;32m  OK  [0m] Reached target Network is Online.
SHA256:/u5sXfgQEkz8rWC8ZUtsBtlY7ATH11845OMx4j3lP4M root@ubuntu-bionic         Starting Availability of block devices...
[
[0;32m  OK  [0m] Reached target Remote File Systems (Pre).
[   17.650620] cloud-init[657]: The key's randomart image is:
[   17.653033] cloud-init[657]: +---[ECDSA 256]---+
[[0;32m  OK  [0m] Reached target Remote File Systems.
[[0;32m  OK  [0m] Reached target System Initialization.
[   17.655810] cloud-init[657]: |         +oOo..o |
[   17.673852] cloud-init[657]: |          B.=.+ o|
[[0;32m  OK  [0m] Started ACPI Events Check.
[[0;32m  OK  [0m] Started Message of the Day.
[   17.686783] cloud-init[657]: |         . B.o=.+|
         Starting LXD - unix socket.
[[0;32m  OK  [0m] Listening on ACPID Listen Socket.
[[0;32m  OK  [0m] Started Daily Cleanup of Temporary Directories.
[[0;32m  OK  [0m] Started Daily apt download activities.
[[0;32m  OK  [0m] Listening on Open-iSCSI iscsid Socket.
[[0;32m  OK  [0m] Started Daily apt upgrade and clean activities.
[[0;32m  OK  [0m] Started Discard unused blocks once a week.
[[0;32m  OK  [0m] Listening on D-Bus System Message Bus Socket.
[   17.698307] cloud-init[657]: |          =.@+.*.|
[   17.753402] [[0;32m  OK  [0m] Reached target Paths.
cloud-init[657]: |        S. X.=+ .|
[   17.759699] cloud-init[657]: |       .  . = o..|
[   17.760763] cloud-init[657]: |        .  . E o.|
[   17.762454] cloud-init[657]: |         o. . . o|
         Starting Socket activation for snappy daemon.
[   17.785255] cloud-init[657]: |         +=      |
[   17.801979] cloud-init[657]: +----[SHA256]-----+
[[0;32m  OK  [0m] Reached target Timers.
[[0;32m  OK  [0m] Listening on UUID daemon activation socket.
[   17.810087] cloud-init[[0;32m  OK  [0m] Reached target Cloud-config availability.
[657]: Generating public/private ed25519 key pair.
[   17.820294] [cloud-init[0;32m  OK  [0m[657]: ] Your identification has been saved in /etc/ssh/ssh_host_ed25519_key.Started Availability of block devices.

[[0;32m  OK  [0m] Listening on LXD - unix socket.
[   17.835723] cloud-init[657]: Your public key has been saved in /etc/ssh/ssh_host_ed25519_key.pub.
[[0;32m  OK  [0m[   17.872919] cloud-init[657]: The key fingerprint is:
] Listening on Socket activation for snappy daemon.
[   17.877348] cloud-init[657]: SHA256:/hAOKCCMiHudBke2cc2xV76+alWALt10DRldy+bv6bo root@ubuntu-bionic
[   17.899679] cloud-init[657]: The key's randomart image is:
[   17.902735] cloud-init[657]: +--[ED25519 256]--+
[   17.905480] cloud-init[657]: |    + .o.. .. o*o|
[   17.918639] cloud-init[657]: |=  o +  o..oo + +|
[[0;32m  OK  [0m] Reached target Sockets.
[[0;32m  OK  [0m] Reached target Basic System.
[[0;32m  OK  [0m] Started D-Bus System Message Bus.
[   17.924744] cloud-init[657]: |*.. o   .o.o.o + |
[   17.938733] cloud-init[657]: |.o + o  ..o ..+  |
[   17.941376] cloud-init[657]: |. o = . S.  .. . |
[   17.943386] cloud-init[657]: | . o   + . ..   .|
[   17.946337] cloud-init[657]: |        +  ..   .|
[   17.952834] cloud-init[657]: |         o.  . ..|
[   17.956091] cloud-init[657]: |         .o..E+o.|
[   17.962926] cloud-init[657]: +----[SHA256]-----+
         Starting LSB: Record successful boot for GRUB...
[[0;32m  OK  [0m] Started irqbalance daemon.
         Starting LSB: automatic crash report generation...
         Starting Virtualbox guest utils...
         Starting System Logging Service...
         Starting Dispatcher daemon for systemd-networkd...
[[0;32m  OK  [0m] Started Regular background program processing daemon.
         Starting Login Service...
         Starting Snappy daemon...
         Starting Permit User Sessions...
[[0;32m  OK  [0m] Started FUSE filesystem for LXC.
         Starting Accounts Service...
[[0;32m  OK  [0m] Started Deferred execution scheduler.
         Starting Pollinate to seed the pseudo random number generator...
         Starting LXD - container startup/shutdown...
[[0;32m  OK  [0m] Started System Logging Service.
[[0;32m  OK  [0m] Started Permit User Sessions.
         Starting Hold until boot process finishes up...
         Starting Terminate Plymouth Boot Screen...
[[0;32m  OK  [0m] Started Hold until boot process finishes up.
[[0;32m  OK  [0m] Started Serial Getty on ttyS0.
         Starting Set console scheme...
[[0;32m  OK  [0m] Started Terminate Plymouth Boot Screen.
[[0;32m  OK  [0m] Started Set console scheme.
[[0;32m  OK  [0m] Created slice system-getty.slice.
[[0;32m  OK  [0m] Started Getty on tty1.
[[0;32m  OK  [0m] Reached target Login Prompts.
         Starting Authorization Manager...
[[0;32m  OK  [0m] Started Login Service.
[[0;32m  OK  [0m] Started Unattended Upgrades Shutdown.
[[0;32m  OK  [0m] Started LSB: Record successful boot for GRUB.
[[0;32m  OK  [0m] Started LSB: automatic crash report generation.
[[0;32m  OK  [0m] Started Authorization Manager.
[[0;32m  OK  [0m] Started Accounts Service.
[[0;32m  OK  [0m] Started Virtualbox guest utils.
[[0;32m  OK  [0m] Started LXD - container startup/shutdown.
[[0;32m  OK  [0m] Started Dispatcher daemon for systemd-networkd.
[[0;32m  OK  [0m] Started Snappy daemon.
         Starting Wait until snapd is fully seeded...
[[0;32m  OK  [0m] Started Wait until snapd is fully seeded.
         Starting Apply the settings specified in cloud-config...
[   23.337677] cloud-init[1029]: Cloud-init v. 19.4-33-gbb4131a2-0ubuntu1~18.04.1 running 'modules:config' at Wed, 15 Apr 2020 20:05:18 +0000. Up 22.20 seconds.

Ubuntu 18.04.4 LTS ubuntu-bionic ttyS0

ubuntu-bionic login: ci-info: no authorized SSH keys fingerprints found for user ubuntu.
<14>Apr 15 20:05:23 ec2: 
<14>Apr 15 20:05:23 ec2: #############################################################
<14>Apr 15 20:05:23 ec2: -----BEGIN SSH HOST KEY FINGERPRINTS-----
<14>Apr 15 20:05:23 ec2: 1024 SHA256:og8y/W7oQEs8x0xIsQ4uQmZfzTGFpnpkJPh0KQLh9FY root@ubuntu-bionic (DSA)
<14>Apr 15 20:05:23 ec2: 256 SHA256:/u5sXfgQEkz8rWC8ZUtsBtlY7ATH11845OMx4j3lP4M root@ubuntu-bionic (ECDSA)
<14>Apr 15 20:05:23 ec2: 256 SHA256:/hAOKCCMiHudBke2cc2xV76+alWALt10DRldy+bv6bo root@ubuntu-bionic (ED25519)
<14>Apr 15 20:05:23 ec2: 2048 SHA256:n+v8fdw+z2yqAJloqv1AVMPB228Ybalp5ytjd+vVqhY root@ubuntu-bionic (RSA)
<14>Apr 15 20:05:23 ec2: -----END SSH HOST KEY FINGERPRINTS-----
<14>Apr 15 20:05:23 ec2: #############################################################
-----BEGIN SSH HOST KEY KEYS-----
ecdsa-sha2-nistp256 AAAAE2VjZHNhLXNoYTItbmlzdHAyNTYAAAAIbmlzdHAyNTYAAABBBKtvi2fHIJv2CQ+AbRT1UhfpQr5LhASczAV5fQscfEAJMjeBsbL7SX8nN3XmqkZQ6zA3tGaoYv9XpBfhm6KN4Js= root@ubuntu-bionic
ssh-ed25519 AAAAC3NzaC1lZDI1NTE5AAAAIC2wuIlrEFsKlqdLLApp0YUldu6bHuwjwguNCprCdQcr root@ubuntu-bionic
ssh-rsa AAAAB3NzaC1yc2EAAAADAQABAAABAQChSaHhBPVK1MifIzYGT6WtkO8ato4JIuCh6vxZ7bhidxSWwj6IvF1cYbu0iUMKQhjqPwtg61TQbt6s5qqArbl9NFrtKMCPyCtYWZf0z7O3VDfxTgUYQ3An02f4vfko1olr/HzehE1T5pE8rSCV+hxB0d5IcR1EJRPQytfyX3XgQg/+Op5zVDT+t7EvWplLwqTFJ2dmekYVFpyW0b8jKC515Uv+2lfECdlyAWNhnHHCRJigooDxKo+aY3xrFSXZRm1Kw6evkY/0oBM3qZFUT0Q2VEpU+5wuf6S+38TOGj8A84w+D30bV2cQx6Gw22Q/K1w9wM7kiuJ0s3gKZVAnILyb root@ubuntu-bionic
-----END SSH HOST KEY KEYS-----
[   27.111338] cloud-init[1114]: Cloud-init v. 19.4-33-gbb4131a2-0ubuntu1~18.04.1 running 'modules:final' at Wed, 15 Apr 2020 20:05:23 +0000. Up 26.75 seconds.
[   27.111464] cloud-init[1114]: ci-info: no authorized SSH keys fingerprints found for user ubuntu.
[   27.111712] cloud-init[1114]: Cloud-init v. 19.4-33-gbb4131a2-0ubuntu1~18.04.1 finished at Wed, 15 Apr 2020 20:05:23 +0000. Datasource DataSourceNoCloud [seed=/dev/sdb][dsmode=net].  Up 27.09 seconds
